e, 0.00000e+00, 0.00000e+00, 0.00000e+00
p, 1.00000e+00, 0.00000e+00, 0.00000e+00
p,-1.00000e+00, 0.00000e+00, 0.00000e+00
p, 0.00000e+00, 1.00000e+00, 0.00000e+00
p, 0.00000e+00,-1.00000e+00, 0.00000e+00
p, 0.00000e+00, 0.00000e+00, 1.00000e+00
p, 0.00000e+00, 0.00000e+00,-1.00000e+00
